// Jest Snapshot v1, https://goo.gl/fbAQLP

exports[`test en <GifItem /> hacer match con el snapshot 1`] = `
<div>
  <div
    class="card"
  >
    <img
      alt="Emsy"
      src="https://client-island/"
    />
    <p>
       
      Emsy
       
    </p>
  </div>
</div>
`;
